test_chat_asks_next_question_and_keeps_task (test_lapis_cli.ChatTest.test_chat_asks_next_question_and_keeps_task) ... ok
test_chat_resumes_saved_question_draft_and_confirmation (test_lapis_cli.ChatTest.test_chat_resumes_saved_question_draft_and_confirmation) ... ok
test_artifact_is_hashed_and_confined (test_lapis_core.CoreGateTest.test_artifact_is_hashed_and_confined) ... ok
test_attempt_state_machine_rejects_shortcuts (test_lapis_core.CoreGateTest.test_attempt_state_machine_rejects_shortcuts) ... ok
test_digest_is_order_independent (test_lapis_core.CoreGateTest.test_digest_is_order_independent) ... ok
test_incomplete_design_cannot_be_approved (test_lapis_core.CoreGateTest.test_incomplete_design_cannot_be_approved) ... ok
test_intake_ready_is_not_computation_approval (test_lapis_core.CoreGateTest.test_intake_ready_is_not_computation_approval) ... ok
test_placeholder_is_not_an_executable_method (test_lapis_core.CoreGateTest.test_placeholder_is_not_an_executable_method) ... ok
test_checkpoint_setup_starts_after_lock_transaction_ends (test_lapis_graph.GraphIntakeTest.test_checkpoint_setup_starts_after_lock_transaction_ends) ... ok
test_commit_before_checkpoint_failure_replays_once (test_lapis_graph.GraphIntakeTest.test_commit_before_checkpoint_failure_replays_once) ... ok
test_pause_and_resume_across_graph_instances (test_lapis_graph.GraphIntakeTest.test_pause_and_resume_across_graph_instances) ... ok
test_retry_same_operation_after_failure_before_commit (test_lapis_graph.GraphIntakeTest.test_retry_same_operation_after_failure_before_commit) ... ok
test_same_task_concurrent_input_is_rejected (test_lapis_graph.GraphIntakeTest.test_same_task_concurrent_input_is_rejected) ... ok
test_v3_confirm_resumes_and_keeps_request_confirmed_status (test_lapis_graph.GraphIntakeTest.test_v3_confirm_resumes_and_keeps_request_confirmed_status) ... ok
test_accepted_suggestion_can_be_rejected_without_erasing_user_goal (test_lapis_intake.IntakeV3Test.test_accepted_suggestion_can_be_rejected_without_erasing_user_goal) ... ok
test_confirm_plus_edit_requires_another_confirmation (test_lapis_intake.IntakeV3Test.test_confirm_plus_edit_requires_another_confirmation) ... ok
test_confirmation_is_bound_to_displayed_draft_and_duplicate_is_stable (test_lapis_intake.IntakeV3Test.test_confirmation_is_bound_to_displayed_draft_and_duplicate_is_stable) ... ok
test_eight_fields_unknown_and_no_automatic_confirmation (test_lapis_intake.IntakeV3Test.test_eight_fields_unknown_and_no_automatic_confirmation) ... ok
test_extensible_catalog_supports_new_material_without_code_branch (test_lapis_intake.IntakeV3Test.test_extensible_catalog_supports_new_material_without_code_branch) ... ok
test_goal_direction_update_preserves_id_and_other_goal (test_lapis_intake.IntakeV3Test.test_goal_direction_update_preserves_id_and_other_goal) ... ok
test_help_before_required_fields_is_source_backed_and_not_adopted (test_lapis_intake.IntakeV3Test.test_help_before_required_fields_is_source_backed_and_not_adopted) ... ok
test_legacy_state_is_readable_and_requires_re_review (test_lapis_intake.IntakeV3Test.test_legacy_state_is_readable_and_requires_re_review) ... ok
test_method_reference_withdrawal_is_logged_not_execution_permission (test_lapis_intake.IntakeV3Test.test_method_reference_withdrawal_is_logged_not_execution_permission) ... ok
test_object_change_marks_old_context_for_review_and_requires_display_binding (test_lapis_intake.IntakeV3Test.test_object_change_marks_old_context_for_review_and_requires_display_binding) ... ok
test_pause_keeps_recommendations_and_rejection_does_not_repeat (test_lapis_intake.IntakeV3Test.test_pause_keeps_recommendations_and_rejection_does_not_repeat) ... ok
test_removal_is_exact_and_preserves_other_goal (test_lapis_intake.IntakeV3Test.test_removal_is_exact_and_preserves_other_goal) ... ok
test_selection_plus_cost_removal_keeps_both_actions_and_source (test_lapis_intake.IntakeV3Test.test_selection_plus_cost_removal_keeps_both_actions_and_source) ... ok
test_stale_selection_cannot_adopt_or_poison_new_draft (test_lapis_intake.IntakeV3Test.test_stale_selection_cannot_adopt_or_poison_new_draft) ... ok
test_task_classification_change_retains_constraints_and_changes_draft (test_lapis_intake.IntakeV3Test.test_task_classification_change_retains_constraints_and_changes_draft) ... ok
test_unclear_placeholder_is_replaced_by_clarification (test_lapis_intake.IntakeV3Test.test_unclear_placeholder_is_replaced_by_clarification) ... ok
test_unknown_mechanism_does_not_require_hypothesis (test_lapis_intake.IntakeV3Test.test_unknown_mechanism_does_not_require_hypothesis) ... ok
test_unknown_open_none_and_ungrounded_updates (test_lapis_intake.IntakeV3Test.test_unknown_open_none_and_ungrounded_updates) ... ok
test_historical_v2_legacy_checksum_upgrades_once (test_lapis_migrations.MigrationTest.test_historical_v2_legacy_checksum_upgrades_once) ... ok
test_v1_upgrade_repeat_and_failed_migration_rollback (test_lapis_migrations.MigrationTest.test_v1_upgrade_repeat_and_failed_migration_rollback) ... ok
test_legacy_request_is_readable_but_cannot_enter_new_design (test_lapis_store.StoreGateTest.test_legacy_request_is_readable_but_cannot_enter_new_design) ... ok
test_persistence_and_execution_gate (test_lapis_store.StoreGateTest.test_persistence_and_execution_gate) ... ok
test_replayed_operation_does_not_duplicate_a_turn (test_lapis_store.StoreGateTest.test_replayed_operation_does_not_duplicate_a_turn) ... ok
test_drug_research_is_excluded_without_rejecting_all_medical_materials (test_lapis_v3_contract.V3ContractTest.test_drug_research_is_excluded_without_rejecting_all_medical_materials) ... ok
test_temperature_units_and_component_rules_do_not_depend_on_model_issue_flags (test_lapis_v3_contract.V3ContractTest.test_temperature_units_and_component_rules_do_not_depend_on_model_issue_flags) ... ok
test_unknown_open_and_none_are_distinct_and_allowed (test_lapis_v3_contract.V3ContractTest.test_unknown_open_and_none_are_distinct_and_allowed) ... ok
test_edit_revokes_active_version_and_old_records_remain_readable (test_lapis_v3_contract.V3StoreTest.test_edit_revokes_active_version_and_old_records_remain_readable) ... ok

----------------------------------------------------------------------
Ran 41 tests in 9.822s

OK
